	Command being timed: "python3 src/T5/parallel_map_static.py 32 11"
	User time (seconds): 629.77
	System time (seconds): 0.82
	Percent of CPU this job got: 955%
	Elapsed (wall clock) time (h:mm:ss or m:ss): 1:06.01
	Average shared text size (kbytes): 0
	Average unshared data size (kbytes): 0
	Average stack size (kbytes): 0
	Average total size (kbytes): 0
	Maximum resident set size (kbytes): 190648
	Average resident set size (kbytes): 0
	Major (requiring I/O) page faults: 10
	Minor (reclaiming a frame) page faults: 137681
	Voluntary context switches: 3519
	Involuntary context switches: 2465
	Swaps: 0
	File system inputs: 149456
	File system outputs: 8
	Socket messages sent: 0
	Socket messages received: 0
	Signals delivered: 0
	Page size (bytes): 4096
	Exit status: 0
