	Command being timed: "python3 src/T5/parallel_map_static.py 32 5"
	User time (seconds): 382.85
	System time (seconds): 4.47
	Percent of CPU this job got: 413%
	Elapsed (wall clock) time (h:mm:ss or m:ss): 1:33.72
	Average shared text size (kbytes): 0
	Average unshared data size (kbytes): 0
	Average stack size (kbytes): 0
	Average total size (kbytes): 0
	Maximum resident set size (kbytes): 190500
	Average resident set size (kbytes): 0
	Major (requiring I/O) page faults: 0
	Minor (reclaiming a frame) page faults: 108773
	Voluntary context switches: 2792
	Involuntary context switches: 14609
	Swaps: 0
	File system inputs: 9248
	File system outputs: 8
	Socket messages sent: 0
	Socket messages received: 0
	Signals delivered: 0
	Page size (bytes): 4096
	Exit status: 0
