	Command being timed: "python3 src/T5/parallel_map_static.py 32 7"
	User time (seconds): 449.58
	System time (seconds): 3.72
	Percent of CPU this job got: 572%
	Elapsed (wall clock) time (h:mm:ss or m:ss): 1:19.21
	Average shared text size (kbytes): 0
	Average unshared data size (kbytes): 0
	Average stack size (kbytes): 0
	Average total size (kbytes): 0
	Maximum resident set size (kbytes): 190488
	Average resident set size (kbytes): 0
	Major (requiring I/O) page faults: 0
	Minor (reclaiming a frame) page faults: 127758
	Voluntary context switches: 3547
	Involuntary context switches: 12011
	Swaps: 0
	File system inputs: 0
	File system outputs: 8
	Socket messages sent: 0
	Socket messages received: 0
	Signals delivered: 0
	Page size (bytes): 4096
	Exit status: 0
