	Command being timed: "python3 src/T5/parallel_map_static.py 32 12"
	User time (seconds): 505.63
	System time (seconds): 0.74
	Percent of CPU this job got: 985%
	Elapsed (wall clock) time (h:mm:ss or m:ss): 0:51.39
	Average shared text size (kbytes): 0
	Average unshared data size (kbytes): 0
	Average stack size (kbytes): 0
	Average total size (kbytes): 0
	Maximum resident set size (kbytes): 190692
	Average resident set size (kbytes): 0
	Major (requiring I/O) page faults: 0
	Minor (reclaiming a frame) page faults: 145421
	Voluntary context switches: 2888
	Involuntary context switches: 1868
	Swaps: 0
	File system inputs: 0
	File system outputs: 8
	Socket messages sent: 0
	Socket messages received: 0
	Signals delivered: 0
	Page size (bytes): 4096
	Exit status: 0
