building_id, mean_temp, std_temp, pct_above_18, pct_below_15
10000, 14.01233878811275, 6.367431059312565, 30.941014791508444, 55.542295034537624

------------------------------------------------------------
Sender: LSF System <lsfadmin@hpc.dtu.dk>
Subject: Job 28027450: <sleeper> in cluster <dcc> Done

Job <sleeper> was submitted from host <n-62-27-19> by user <s243894> in cluster <dcc> at Wed Mar 11 16:50:49 2026
Job was executed on host(s) <n-62-11-66>, in queue <hpc>, as user <s243894> in cluster <dcc> at Wed Mar 11 16:50:50 2026
</zhome/cf/4/214758> was used as the home directory.
</zhome/cf/4/214758/python_study/mini_project> was used as the working directory.
Started at Wed Mar 11 16:50:50 2026
Terminated at Wed Mar 11 16:50:58 2026
Results reported at Wed Mar 11 16:50:58 2026

Your job looked like:

------------------------------------------------------------
# LSBATCH: User input
#!/bin/bash
#BSUB -J sleeper
#BSUB -q hpc
#BSUB -W 2
#BSUB -R "rusage[mem=5GB]"
#BSUB -R "select[model==XeonGold6226R]"
#BSUB -n 1
#BSUB -o sleeper_%J.out
#BSUB -e sleeper_%J.err
python3 src/provided_script.py

------------------------------------------------------------

Successfully completed.

Resource usage summary:

    CPU time :                                   7.58 sec.
    Max Memory :                                 33 MB
    Average Memory :                             33.00 MB
    Total Requested Memory :                     5120.00 MB
    Delta Memory :                               5087.00 MB
    Max Swap :                                   -
    Max Processes :                              4
    Max Threads :                                5
    Run time :                                   49 sec.
    Turnaround time :                            9 sec.

The output (if any) is above this job summary.



PS:

Read file <sleeper_28027450.err> for stderr output of this job.

