	Command being timed: "python3 src/T5/parallel_map_static.py 10 14"
	User time (seconds): 111.38
	System time (seconds): 0.43
	Percent of CPU this job got: 583%
	Elapsed (wall clock) time (h:mm:ss or m:ss): 0:19.17
	Average shared text size (kbytes): 0
	Average unshared data size (kbytes): 0
	Average stack size (kbytes): 0
	Average total size (kbytes): 0
	Maximum resident set size (kbytes): 89608
	Average resident set size (kbytes): 0
	Major (requiring I/O) page faults: 0
	Minor (reclaiming a frame) page faults: 76650
	Voluntary context switches: 1379
	Involuntary context switches: 131
	Swaps: 0
	File system inputs: 0
	File system outputs: 8
	Socket messages sent: 0
	Socket messages received: 0
	Signals delivered: 0
	Page size (bytes): 4096
	Exit status: 0
