	Command being timed: "python3 src/T5/parallel_map_static.py 10 13"
	User time (seconds): 129.84
	System time (seconds): 0.41
	Percent of CPU this job got: 618%
	Elapsed (wall clock) time (h:mm:ss or m:ss): 0:21.07
	Average shared text size (kbytes): 0
	Average unshared data size (kbytes): 0
	Average stack size (kbytes): 0
	Average total size (kbytes): 0
	Maximum resident set size (kbytes): 93520
	Average resident set size (kbytes): 0
	Major (requiring I/O) page faults: 0
	Minor (reclaiming a frame) page faults: 69296
	Voluntary context switches: 1164
	Involuntary context switches: 173
	Swaps: 0
	File system inputs: 0
	File system outputs: 8
	Socket messages sent: 0
	Socket messages received: 0
	Signals delivered: 0
	Page size (bytes): 4096
	Exit status: 0
