	Command being timed: "python3 src/T6/parallel_imap_dynamic.py 32 10"
	User time (seconds): 488.62
	System time (seconds): 3.54
	Percent of CPU this job got: 879%
	Elapsed (wall clock) time (h:mm:ss or m:ss): 0:55.97
	Average shared text size (kbytes): 0
	Average unshared data size (kbytes): 0
	Average stack size (kbytes): 0
	Average total size (kbytes): 0
	Maximum resident set size (kbytes): 146448
	Average resident set size (kbytes): 0
	Major (requiring I/O) page faults: 0
	Minor (reclaiming a frame) page faults: 125156
	Voluntary context switches: 2876
	Involuntary context switches: 11071
	Swaps: 0
	File system inputs: 0
	File system outputs: 8
	Socket messages sent: 0
	Socket messages received: 0
	Signals delivered: 0
	Page size (bytes): 4096
	Exit status: 0
