	Command being timed: "python3 src/T6/parallel_imap_dynamic.py 32 7"
	User time (seconds): 476.75
	System time (seconds): 2.20
	Percent of CPU this job got: 638%
	Elapsed (wall clock) time (h:mm:ss or m:ss): 1:15.01
	Average shared text size (kbytes): 0
	Average unshared data size (kbytes): 0
	Average stack size (kbytes): 0
	Average total size (kbytes): 0
	Maximum resident set size (kbytes): 142748
	Average resident set size (kbytes): 0
	Major (requiring I/O) page faults: 0
	Minor (reclaiming a frame) page faults: 123599
	Voluntary context switches: 3121
	Involuntary context switches: 6037
	Swaps: 0
	File system inputs: 0
	File system outputs: 8
	Socket messages sent: 0
	Socket messages received: 0
	Signals delivered: 0
	Page size (bytes): 4096
	Exit status: 0
