	Command being timed: "python3 src/T6/parallel_imap_dynamic.py 32 14"
	User time (seconds): 505.55
	System time (seconds): 0.74
	Percent of CPU this job got: 1067%
	Elapsed (wall clock) time (h:mm:ss or m:ss): 0:47.41
	Average shared text size (kbytes): 0
	Average unshared data size (kbytes): 0
	Average stack size (kbytes): 0
	Average total size (kbytes): 0
	Maximum resident set size (kbytes): 149512
	Average resident set size (kbytes): 0
	Major (requiring I/O) page faults: 1
	Minor (reclaiming a frame) page faults: 138087
	Voluntary context switches: 2899
	Involuntary context switches: 1491
	Swaps: 0
	File system inputs: 0
	File system outputs: 8
	Socket messages sent: 0
	Socket messages received: 0
	Signals delivered: 0
	Page size (bytes): 4096
	Exit status: 0
