	Command being timed: "python3 src/T6/parallel_imap_dynamic.py 32 5"
	User time (seconds): 378.91
	System time (seconds): 4.48
	Percent of CPU this job got: 452%
	Elapsed (wall clock) time (h:mm:ss or m:ss): 1:24.63
	Average shared text size (kbytes): 0
	Average unshared data size (kbytes): 0
	Average stack size (kbytes): 0
	Average total size (kbytes): 0
	Maximum resident set size (kbytes): 140024
	Average resident set size (kbytes): 0
	Major (requiring I/O) page faults: 0
	Minor (reclaiming a frame) page faults: 125526
	Voluntary context switches: 2865
	Involuntary context switches: 15316
	Swaps: 0
	File system inputs: 8
	File system outputs: 8
	Socket messages sent: 0
	Socket messages received: 0
	Signals delivered: 0
	Page size (bytes): 4096
	Exit status: 0
