	Command being timed: "python3 src/T6/parallel_imap_dynamic.py 32 8"
	User time (seconds): 458.23
	System time (seconds): 3.12
	Percent of CPU this job got: 707%
	Elapsed (wall clock) time (h:mm:ss or m:ss): 1:05.25
	Average shared text size (kbytes): 0
	Average unshared data size (kbytes): 0
	Average stack size (kbytes): 0
	Average total size (kbytes): 0
	Maximum resident set size (kbytes): 142568
	Average resident set size (kbytes): 0
	Major (requiring I/O) page faults: 0
	Minor (reclaiming a frame) page faults: 123817
	Voluntary context switches: 2908
	Involuntary context switches: 10167
	Swaps: 0
	File system inputs: 8
	File system outputs: 8
	Socket messages sent: 0
	Socket messages received: 0
	Signals delivered: 0
	Page size (bytes): 4096
	Exit status: 0
